--- Startup times for process: Primary (or UI client) ---

times in msec
 clock   self+sourced   self:  sourced script
 clock   elapsed:              other lines

000.003  000.003: --- NVIM STARTING ---
000.203  000.200: event init
000.299  000.096: early init
000.509  000.210: locale set
000.563  000.054: init first window
000.913  000.350: inits 1
000.935  000.022: window checked
000.939  000.004: parsing arguments
001.456  000.038  000.038: require('vim.shared')
001.539  000.033  000.033: require('vim.inspect')
001.586  000.040  000.040: require('vim._options')
001.590  000.131  000.058: require('vim._editor')
001.591  000.200  000.031: require('vim._init_packages')
001.592  000.454: init lua interpreter
001.648  000.056: expanding arguments
001.674  000.026: inits 2
001.892  000.218: init highlight
001.909  000.017: clear screen
002.040  000.017  000.017: require('vim.keymap')
002.713  000.108  000.108: sourcing nvim_exec2()
002.812  000.901  000.776: require('vim._defaults')
002.814  000.003: init default mappings & autocommands
003.305  000.038  000.038: sourcing /opt/nvim-linux-x86_64/share/nvim/runtime/ftplugin.vim
003.361  000.022  000.022: sourcing /opt/nvim-linux-x86_64/share/nvim/runtime/indent.vim
003.682  000.241  000.241: require('config.options')
004.528  000.426  000.426: require('lazy')
004.554  000.014  000.014: require('ffi')
004.639  000.016  000.016: require('vim.fs')
004.727  000.087  000.087: require('vim.uri')
004.740  000.183  000.080: require('vim.loader')
004.869  000.115  000.115: require('lazy.stats')
004.971  000.086  000.086: require('lazy.core.util')
005.077  000.104  000.104: require('lazy.core.config')
005.219  000.050  000.050: require('lazy.core.handler')
005.426  000.068  000.068: require('lazy.pkg')
005.430  000.146  000.078: require('lazy.core.meta')
005.437  000.216  000.071: require('lazy.core.plugin')
005.444  000.365  000.099: require('lazy.core.loader')
006.219  000.099  000.099: require('lazy.async')
006.305  000.039  000.039: require('lazy.manage.process')
006.343  000.036  000.036: require('lazy.terminal')
006.346  000.125  000.050: require('lazy.manage.task')
006.348  000.324  000.100: require('lazy.manage.runner')
006.350  000.417  000.093: require('lazy.manage')
006.351  000.493  000.076: require('lazy.view.commands')
006.456  000.090  000.090: require('lazy.core.fragments')
008.445  000.055  000.055: require('lazy.core.handler.cmd')
008.503  000.055  000.055: require('lazy.core.handler.event')
008.560  000.055  000.055: require('lazy.core.handler.ft')
008.629  000.067  000.067: require('lazy.core.handler.keys')
009.114  000.106  000.106: sourcing nvim_exec2() called at /opt/nvim-linux-x86_64/share/nvim/runtime/filetype.lua:0
009.117  000.166  000.060: sourcing /opt/nvim-linux-x86_64/share/nvim/runtime/filetype.lua
009.120  000.190  000.024: sourcing nvim_exec2() called at /home/ususstudios/.config/nvim/init.lua:0
009.344  000.016  000.016: sourcing /home/ususstudios/.local/share/nvim/lazy/plenary.nvim/plugin/plenary.vim
009.351  000.044  000.028: sourcing nvim_exec2() called at /home/ususstudios/.config/nvim/init.lua:0
009.355  000.001  000.001: sourcing nvim_exec2() called at /home/ususstudios/.config/nvim/init.lua:0
009.362  000.001  000.001: sourcing nvim_exec2() called at /home/ususstudios/.config/nvim/init.lua:0
009.504  000.002  000.002: sourcing nvim_exec2() called at /home/ususstudios/.config/nvim/init.lua:0
009.511  000.001  000.001: sourcing nvim_exec2() called at /home/ususstudios/.config/nvim/init.lua:0
009.681  000.020  000.020: sourcing /home/ususstudios/.local/share/nvim/lazy/nvim-web-devicons/plugin/nvim-web-devicons.vim
009.684  000.045  000.025: sourcing nvim_exec2() called at /home/ususstudios/.config/nvim/init.lua:0
009.688  000.001  000.001: sourcing nvim_exec2() called at /home/ususstudios/.config/nvim/init.lua:0
009.695  000.001  000.001: sourcing nvim_exec2() called at /home/ususstudios/.config/nvim/init.lua:0
009.809  000.072  000.072: sourcing /home/ususstudios/.local/share/nvim/lazy/neo-tree.nvim/plugin/neo-tree.lua
009.812  000.095  000.023: sourcing nvim_exec2() called at /home/ususstudios/.config/nvim/init.lua:0
009.816  000.001  000.001: sourcing nvim_exec2() called at /home/ususstudios/.config/nvim/init.lua:0
009.823  000.001  000.001: sourcing nvim_exec2() called at /home/ususstudios/.config/nvim/init.lua:0
010.030  000.014  000.014: sourcing /home/ususstudios/.local/share/nvim/lazy/nightfox.nvim/plugin/nightfox.vim
010.033  000.038  000.024: sourcing nvim_exec2() called at /home/ususstudios/.config/nvim/init.lua:0
010.037  000.001  000.001: sourcing nvim_exec2() called at /home/ususstudios/.config/nvim/init.lua:0
010.045  000.001  000.001: sourcing nvim_exec2() called at /home/ususstudios/.config/nvim/init.lua:0
010.450  000.190  000.190: sourcing /home/ususstudios/.local/share/nvim/lazy/vim-sleuth/plugin/sleuth.vim
010.454  000.216  000.026: sourcing nvim_exec2() called at /home/ususstudios/.config/nvim/init.lua:0
010.459  000.001  000.001: sourcing nvim_exec2() called at /home/ususstudios/.config/nvim/init.lua:0
010.467  000.001  000.001: sourcing nvim_exec2() called at /home/ususstudios/.config/nvim/init.lua:0
010.891  000.045  000.045: sourcing /home/ususstudios/.local/share/nvim/lazy/vim-tmux-navigator/plugin/tmux_navigator.vim
010.895  000.071  000.026: sourcing nvim_exec2() called at /home/ususstudios/.config/nvim/init.lua:0
010.899  000.001  000.001: sourcing nvim_exec2() called at /home/ususstudios/.config/nvim/init.lua:0
010.912  000.001  000.001: sourcing nvim_exec2() called at /home/ususstudios/.config/nvim/init.lua:0
011.087  000.008  000.008: sourcing nvim_exec2() called at /home/ususstudios/.config/nvim/init.lua:0
011.100  000.001  000.001: sourcing nvim_exec2() called at /home/ususstudios/.config/nvim/init.lua:0
011.633  000.051  000.051: require('scrollbar.const')
011.668  000.033  000.033: require('scrollbar.utils')
011.703  000.033  000.033: require('scrollbar.handlers')
011.705  000.603  000.487: require('scrollbar')
011.766  000.060  000.060: require('scrollbar.config')
011.794  000.006  000.006: sourcing nvim_exec2() called at /home/ususstudios/.config/nvim/init.lua:0
011.801  000.003  000.003: sourcing nvim_exec2() called at /home/ususstudios/.config/nvim/init.lua:0
011.805  000.002  000.002: sourcing nvim_exec2() called at /home/ususstudios/.config/nvim/init.lua:0
011.809  000.002  000.002: sourcing nvim_exec2() called at /home/ususstudios/.config/nvim/init.lua:0
011.813  000.002  000.002: sourcing nvim_exec2() called at /home/ususstudios/.config/nvim/init.lua:0
011.825  000.002  000.002: sourcing nvim_exec2() called at /home/ususstudios/.config/nvim/init.lua:0
011.828  000.002  000.002: sourcing nvim_exec2() called at /home/ususstudios/.config/nvim/init.lua:0
011.847  000.009  000.009: sourcing nvim_exec2() called at /home/ususstudios/.config/nvim/init.lua:0
011.850  000.001  000.001: sourcing nvim_exec2() called at /home/ususstudios/.config/nvim/init.lua:0
011.854  000.002  000.002: sourcing nvim_exec2() called at /home/ususstudios/.config/nvim/init.lua:0
011.857  000.001  000.001: sourcing nvim_exec2() called at /home/ususstudios/.config/nvim/init.lua:0
011.861  000.001  000.001: sourcing nvim_exec2() called at /home/ususstudios/.config/nvim/init.lua:0
011.864  000.001  000.001: sourcing nvim_exec2() called at /home/ususstudios/.config/nvim/init.lua:0
011.867  000.001  000.001: sourcing nvim_exec2() called at /home/ususstudios/.config/nvim/init.lua:0
011.869  000.001  000.001: sourcing nvim_exec2() called at /home/ususstudios/.config/nvim/init.lua:0
011.873  000.001  000.001: sourcing nvim_exec2() called at /home/ususstudios/.config/nvim/init.lua:0
011.876  000.001  000.001: sourcing nvim_exec2() called at /home/ususstudios/.config/nvim/init.lua:0
011.885  000.001  000.001: sourcing nvim_exec2() called at /home/ususstudios/.config/nvim/init.lua:0
011.888  000.001  000.001: sourcing nvim_exec2() called at /home/ususstudios/.config/nvim/init.lua:0
011.893  000.001  000.001: sourcing nvim_exec2() called at /home/ususstudios/.config/nvim/init.lua:0
011.896  000.001  000.001: sourcing nvim_exec2() called at /home/ususstudios/.config/nvim/init.lua:0
011.937  000.007  000.007: sourcing nvim_exec2() called at /home/ususstudios/.config/nvim/init.lua:0
011.946  000.005  000.005: sourcing nvim_exec2() called at /home/ususstudios/.config/nvim/init.lua:0
011.957  000.009  000.009: sourcing nvim_exec2() called at /home/ususstudios/.config/nvim/init.lua:0
011.995  000.037  000.037: require('scrollbar.handlers.cursor')
012.460  000.003  000.003: require('vim.F')
012.547  000.498  000.494: require('vim.diagnostic')
012.550  000.544  000.047: require('scrollbar.handlers.diagnostic')
012.558  000.005  000.005: sourcing nvim_exec2() called at /home/ususstudios/.config/nvim/init.lua:0
012.563  000.003  000.003: sourcing nvim_exec2() called at /home/ususstudios/.config/nvim/init.lua:0
013.056  000.040  000.040: require('nvim-treesitter.utils')
013.686  000.089  000.089: require('vim.treesitter.language')
013.723  000.034  000.034: require('vim.func')
013.793  000.067  000.067: require('vim.func._memoize')
013.855  000.371  000.181: require('vim.treesitter.query')
013.939  000.083  000.083: require('vim.treesitter._range')
013.954  000.572  000.118: require('vim.treesitter.languagetree')
013.958  000.657  000.085: require('vim.treesitter')
014.449  001.391  000.735: require('nvim-treesitter.parsers')
014.797  000.094  000.094: require('nvim-treesitter.compat')
014.989  000.119  000.119: require('nvim-treesitter.ts_utils')
014.993  000.194  000.075: require('nvim-treesitter.tsrange')
015.021  000.027  000.027: require('nvim-treesitter.caching')
015.029  000.463  000.148: require('nvim-treesitter.query')
015.037  000.539  000.076: require('nvim-treesitter.configs')
015.039  000.588  000.049: require('nvim-treesitter.info')
015.089  000.050  000.050: require('nvim-treesitter.shell_command_selectors')
015.107  002.155  000.086: require('nvim-treesitter.install')
015.136  000.028  000.028: require('nvim-treesitter.statusline')
015.170  000.033  000.033: require('nvim-treesitter.query_predicates')
015.172  002.476  000.260: require('nvim-treesitter')
015.218  000.043  000.043: require('vim.iter')
015.617  002.978  000.459: sourcing /home/ususstudios/.local/share/nvim/lazy/nvim-treesitter/plugin/nvim-treesitter.lua
015.621  003.004  000.026: sourcing nvim_exec2() called at /home/ususstudios/.config/nvim/init.lua:0
015.626  000.001  000.001: sourcing nvim_exec2() called at /home/ususstudios/.config/nvim/init.lua:0
015.635  000.001  000.001: sourcing nvim_exec2() called at /home/ususstudios/.config/nvim/init.lua:0
015.767  000.002  000.002: sourcing nvim_exec2() called at /home/ususstudios/.config/nvim/init.lua:0
015.773  000.001  000.001: sourcing nvim_exec2() called at /home/ususstudios/.config/nvim/init.lua:0
016.042  000.267  000.267: require('alpha')
016.089  000.045  000.045: require('alpha.themes.dashboard')
065.751  000.100  000.100: sourcing /home/ususstudios/.local/share/nvim/lazy/vim-rhubarb/plugin/rhubarb.vim
065.758  000.150  000.050: sourcing nvim_exec2() called at /home/ususstudios/.config/nvim/init.lua:0
065.768  000.001  000.001: sourcing nvim_exec2() called at /home/ususstudios/.config/nvim/init.lua:0
065.779  000.001  000.001: sourcing nvim_exec2() called at /home/ususstudios/.config/nvim/init.lua:0
066.647  000.534  000.534: sourcing /home/ususstudios/.local/share/nvim/lazy/vim-fugitive/plugin/fugitive.vim
066.651  000.560  000.026: sourcing nvim_exec2() called at /home/ususstudios/.config/nvim/init.lua:0
066.657  000.001  000.001: sourcing nvim_exec2() called at /home/ususstudios/.config/nvim/init.lua:0
066.735  000.008  000.008: sourcing /home/ususstudios/.local/share/nvim/lazy/vim-fugitive/ftdetect/fugitive.vim
066.738  000.039  000.031: sourcing nvim_exec2() called at /home/ususstudios/.config/nvim/init.lua:0
066.742  000.001  000.001: sourcing nvim_exec2() called at /home/ususstudios/.config/nvim/init.lua:0
067.052  000.104  000.104: sourcing /home/ususstudios/.local/share/nvim/lazy/which-key.nvim/plugin/which-key.lua
067.056  000.134  000.030: sourcing nvim_exec2() called at /home/ususstudios/.config/nvim/init.lua:0
067.091  000.003  000.003: sourcing nvim_exec2() called at /home/ususstudios/.config/nvim/init.lua:0
067.102  000.001  000.001: sourcing nvim_exec2() called at /home/ususstudios/.config/nvim/init.lua:0
067.342  000.019  000.019: sourcing /home/ususstudios/.local/share/nvim/lazy/nvim-bufdel/plugin/bufdel.vim
067.345  000.046  000.027: sourcing nvim_exec2() called at /home/ususstudios/.config/nvim/init.lua:0
067.349  000.001  000.001: sourcing nvim_exec2() called at /home/ususstudios/.config/nvim/init.lua:0
067.358  000.001  000.001: sourcing nvim_exec2() called at /home/ususstudios/.config/nvim/init.lua:0
067.523  000.002  000.002: sourcing nvim_exec2() called at /home/ususstudios/.config/nvim/init.lua:0
067.530  000.001  000.001: sourcing nvim_exec2() called at /home/ususstudios/.config/nvim/init.lua:0
068.014  000.061  000.061: require('ibl.utils')
068.019  000.118  000.057: require('ibl.config')
068.102  000.041  000.041: require('ibl.indent')
068.106  000.086  000.045: require('ibl.hooks')
068.108  000.246  000.043: require('ibl.highlights')
068.143  000.034  000.034: require('ibl.autocmds')
068.179  000.035  000.035: require('ibl.inlay_hints')
068.215  000.035  000.035: require('ibl.virt_text')
068.408  000.163  000.163: require('ibl.scope_languages')
068.410  000.194  000.030: require('ibl.scope')
068.415  000.871  000.326: require('ibl')
068.868  000.058  000.058: require('vim.lsp.log')
069.279  000.408  000.408: require('vim.lsp.protocol')
069.464  000.182  000.182: require('vim.lsp.util')
069.551  000.037  000.037: require('vim.lsp.sync')
069.556  000.087  000.050: require('vim.lsp._changetracking')
069.691  000.063  000.063: require('vim.lsp._transport')
069.703  000.146  000.083: require('vim.lsp.rpc')
069.759  001.135  000.254: require('vim.lsp')
069.971  000.132  000.132: require('vim.lsp.completion')
070.105  000.341  000.209: require('vim.lsp.handlers')
070.346  000.003  000.003: sourcing nvim_exec2() called at /home/ususstudios/.config/nvim/init.lua:0
070.355  000.001  000.001: sourcing nvim_exec2() called at /home/ususstudios/.config/nvim/init.lua:0
071.004  000.646  000.646: require('mini.animate')
071.452  000.003  000.003: sourcing nvim_exec2() called at /home/ususstudios/.config/nvim/init.lua:0
071.460  000.001  000.001: sourcing nvim_exec2() called at /home/ususstudios/.config/nvim/init.lua:0
071.670  000.002  000.002: sourcing nvim_exec2() called at /home/ususstudios/.config/nvim/init.lua:0
071.677  000.001  000.001: sourcing nvim_exec2() called at /home/ususstudios/.config/nvim/init.lua:0
071.684  000.001  000.001: sourcing nvim_exec2() called at /home/ususstudios/.config/nvim/init.lua:0
071.691  000.001  000.001: sourcing nvim_exec2() called at /home/ususstudios/.config/nvim/init.lua:0
072.293  000.150  000.150: require('null-ls.utils.tbl_flatten')
072.305  000.279  000.129: require('null-ls.utils')
072.371  000.399  000.120: require('null-ls.config')
072.469  000.046  000.046: require('null-ls.helpers.cache')
072.509  000.038  000.038: require('null-ls.helpers.check_exit_code')
072.587  000.077  000.077: require('null-ls.helpers.diagnostics')
072.628  000.039  000.039: require('null-ls.helpers.formatter_factory')
072.768  000.063  000.063: require('null-ls.logger')
072.839  000.070  000.070: require('null-ls.state')
072.843  000.214  000.081: require('null-ls.helpers.generator_factory')
073.198  000.295  000.295: require('null-ls.helpers.command_resolver')
073.201  000.357  000.062: require('null-ls.helpers.make_builtin')
073.293  000.092  000.092: require('null-ls.helpers.range_formatting_args_factory')
073.295  000.922  000.059: require('null-ls.helpers')
073.520  000.112  000.112: require('null-ls.methods')
073.526  000.175  000.062: require('null-ls.diagnostics')
073.532  000.236  000.061: require('null-ls.sources')
073.587  000.052  000.052: require('null-ls.builtins')
073.589  001.896  000.287: require('null-ls')
074.184  000.003  000.003: sourcing nvim_exec2() called at /home/ususstudios/.config/nvim/init.lua:0
074.197  000.001  000.001: sourcing nvim_exec2() called at /home/ususstudios/.config/nvim/init.lua:0
074.621  000.081  000.081: require('mason-core.path')
075.054  000.091  000.091: require('mason-core.functional.data')
075.192  000.136  000.136: require('mason-core.functional.function')
075.286  000.085  000.085: require('mason-core.functional.list')
075.316  000.025  000.025: require('mason-core.functional.relation')
075.342  000.024  000.024: require('mason-core.functional.logic')
075.368  000.023  000.023: require('mason-core.functional.number')
075.409  000.038  000.038: require('mason-core.functional.string')
075.438  000.026  000.026: require('mason-core.functional.table')
075.463  000.023  000.023: require('mason-core.functional.type')
075.465  000.731  000.259: require('mason-core.functional')
075.485  000.835  000.104: require('mason-core.platform')
075.539  000.052  000.052: require('mason.settings')
075.542  001.073  000.104: require('mason-core.installer.InstallLocation')
075.651  000.052  000.052: require('mason-core.log')
075.653  000.077  000.025: require('mason-core.EventEmitter')
075.691  000.037  000.037: require('mason-registry.sources')
075.694  000.151  000.037: require('mason-registry')
075.696  001.486  000.262: require('mason')
075.907  000.061  000.061: require('mason.api.command')
075.913  002.269  000.719: require('mason-core.log')
075.940  000.026  000.026: require('mason-null-ls.automatic_setup')
075.942  002.352  000.057: require('mason-null-ls')
075.968  000.025  000.025: require('mason-null-ls.settings')
076.032  000.030  000.030: require('mason-null-ls.ensure_installed')
076.102  000.068  000.068: require('mason-core.async')
076.163  000.030  000.030: require('mason-core.async.control')
076.192  000.028  000.028: require('mason-core.result')
076.243  000.022  000.022: require('mason-core.async.uv')
076.246  000.053  000.032: require('mason-core.fs')
076.255  000.151  000.040: require('mason-registry.installer')
076.403  000.026  000.026: require('mason-core.optional')
076.515  000.058  000.058: require('mason-core.process')
076.548  000.031  000.031: require('mason-core.spawn')
076.550  000.117  000.027: require('mason-core.installer.managers.powershell')
076.572  000.021  000.021: require('mason.version')
076.574  000.168  000.031: require('mason-core.fetch')
076.596  000.021  000.021: require('mason-core.providers')
076.747  000.051  000.051: require('mason-core.purl')
076.752  000.085  000.034: require('mason-core.package.AbstractPackage')
076.883  000.031  000.031: require('mason-core.installer.compiler.expr')
076.887  000.071  000.040: require('mason-core.installer.compiler.link')
077.028  000.023  000.023: require('mason-core.installer.context.InstallContextCwd')
077.058  000.029  000.029: require('mason-core.installer.context.InstallContextFs')
077.091  000.032  000.032: require('mason-core.installer.context.InstallContextSpawn')
077.123  000.030  000.030: require('mason-core.receipt')
077.133  000.160  000.047: require('mason-core.installer.context')
077.134  000.184  000.024: require('mason-core.installer')
077.142  000.229  000.045: require('mason-core.installer.managers.std')
077.143  000.254  000.026: require('mason-core.installer.compiler.schemas')
077.168  000.025  000.025: require('mason-core.installer.compiler.util')
077.173  000.390  000.039: require('mason-core.installer.compiler')
077.205  000.031  000.031: require('mason-core.installer.linker')
077.208  000.455  000.034: require('mason-core.installer.InstallRunner')
077.236  000.027  000.027: require('mason-core.installer.UninstallRunner')
077.239  000.620  000.053: require('mason-core.package')
077.241  000.644  000.023: require('mason-registry.sources.util')
077.245  000.902  000.043: require('mason-registry.sources.github')
079.887  000.032  000.032: require('mason-null-ls.automatic_installation')
079.983  000.021  000.021: require('mason-core.notify')
079.997  000.068  000.047: require('mason-null-ls.api.command')
080.055  000.056  000.056: require('null-ls.builtins.diagnostics.checkmake')
080.107  000.050  000.050: require('null-ls.builtins.formatting.prettier')
080.225  000.062  000.062: require('null-ls.builtins.formatting.stylua')
080.267  000.040  000.040: require('null-ls.builtins.formatting.shfmt')
080.363  000.045  000.045: require('null-ls.builtins.formatting.terraform_fmt')
080.423  000.058  000.058: require('none-ls.formatting.ruff')
080.534  000.092  000.092: require('none-ls.formatting.ruff_format')
080.956  000.044  000.044: require('null-ls.loop')
080.965  000.115  000.071: require('null-ls.client')
081.011  000.003  000.003: sourcing nvim_exec2() called at /home/ususstudios/.config/nvim/init.lua:0
081.018  000.001  000.001: sourcing nvim_exec2() called at /home/ususstudios/.config/nvim/init.lua:0
081.459  000.028  000.028: require('window-picker.util')
081.468  000.082  000.054: require('window-picker.filters.default-window-filter')
081.501  000.032  000.032: require('window-picker.pickers.window-picker')
081.575  000.033  000.033: require('window-picker.hints.statusline-hint')
081.578  000.075  000.042: require('window-picker.hints.statusline-winbar-hint')
081.607  000.029  000.029: require('window-picker.configurer')
081.611  000.256  000.037: require('window-picker.builder')
081.642  000.031  000.031: require('window-picker.config')
081.644  000.624  000.337: require('window-picker')
081.835  000.003  000.003: sourcing nvim_exec2() called at /home/ususstudios/.config/nvim/init.lua:0
081.845  000.001  000.001: sourcing nvim_exec2() called at /home/ususstudios/.config/nvim/init.lua:0
082.149  000.035  000.035: require('bufferline.lazy')
082.203  000.049  000.049: require('bufferline.commands')
082.325  000.097  000.097: require('bufferline.config')
082.329  000.474  000.294: require('bufferline')
082.469  000.059  000.059: require('bufferline.utils')
082.472  000.139  000.080: require('bufferline.groups')
082.514  000.034  000.034: require('bufferline.constants')
082.547  000.031  000.031: require('bufferline.colors')
082.700  000.066  000.066: require('bufferline.highlights')
083.279  000.050  000.050: require('vim.version')
084.211  001.025  000.975: require('bufferline.hover')
084.448  000.140  000.140: require('bufferline.ui')
084.536  000.003  000.003: sourcing nvim_exec2() called at /home/ususstudios/.config/nvim/init.lua:0
084.561  000.001  000.001: sourcing nvim_exec2() called at /home/ususstudios/.config/nvim/init.lua:0
085.040  000.476  000.476: require('mini.map')
085.252  000.042  000.042: sourcing /home/ususstudios/.local/share/nvim/lazy/cord.nvim/plugin/cord.vim
085.257  000.071  000.029: sourcing nvim_exec2() called at /home/ususstudios/.config/nvim/init.lua:0
085.261  000.001  000.001: sourcing nvim_exec2() called at /home/ususstudios/.config/nvim/init.lua:0
085.270  000.001  000.001: sourcing nvim_exec2() called at /home/ususstudios/.config/nvim/init.lua:0
085.547  000.251  000.251: require('cord')
085.629  000.002  000.002: sourcing nvim_exec2() called at /home/ususstudios/.config/nvim/init.lua:0
085.636  000.001  000.001: sourcing nvim_exec2() called at /home/ususstudios/.config/nvim/init.lua:0
086.193  000.079  000.079: require('plenary.bit')
086.247  000.052  000.052: require('plenary.functional')
086.275  000.276  000.146: require('plenary.path')
086.348  000.395  000.119: require('plenary.log')
086.391  000.479  000.083: require('lsp-file-operations.log')
086.396  000.757  000.279: require('lsp-file-operations')
087.310  000.162  000.162: require('neo-tree.log')
087.450  000.138  000.138: require('neo-tree.utils._compat')
087.477  000.471  000.171: require('neo-tree.utils')
087.529  000.051  000.051: require('neo-tree.collections')
087.581  000.050  000.050: require('neo-tree.health.typecheck')
087.585  000.638  000.066: require('neo-tree.events.queue')
087.590  000.703  000.066: require('neo-tree.events')
090.348  002.119  002.119: require('vim.filetype')
090.857  000.024  000.024: require('luasnip.util.types')
090.860  000.060  000.035: require('luasnip.util.ext_opts')
090.947  000.022  000.022: require('luasnip.util.lazy_table')
090.974  000.025  000.025: require('luasnip.extras.filetype_functions')
090.979  000.089  000.042: require('luasnip.default_config')
090.981  000.119  000.030: require('luasnip.session')
091.002  000.556  000.377: require('luasnip.config')
091.018  002.866  000.192: sourcing /home/ususstudios/.local/share/nvim/lazy/LuaSnip/plugin/luasnip.lua
091.021  002.892  000.026: sourcing nvim_exec2() called at /home/ususstudios/.config/nvim/init.lua:0
091.064  000.016  000.016: sourcing /home/ususstudios/.local/share/nvim/lazy/LuaSnip/plugin/luasnip.vim
091.067  000.041  000.025: sourcing nvim_exec2() called at /home/ususstudios/.config/nvim/init.lua:0
091.070  000.001  000.001: sourcing nvim_exec2() called at /home/ususstudios/.config/nvim/init.lua:0
091.078  000.001  000.001: sourcing nvim_exec2() called at /home/ususstudios/.config/nvim/init.lua:0
091.151  000.002  000.002: sourcing nvim_exec2() called at /home/ususstudios/.config/nvim/init.lua:0
091.157  000.001  000.001: sourcing nvim_exec2() called at /home/ususstudios/.config/nvim/init.lua:0
091.408  000.002  000.002: sourcing nvim_exec2() called at /home/ususstudios/.config/nvim/init.lua:0
091.415  000.001  000.001: sourcing nvim_exec2() called at /home/ususstudios/.config/nvim/init.lua:0
091.651  000.001  000.001: sourcing nvim_exec2() called at /home/ususstudios/.config/nvim/init.lua:0
091.662  000.001  000.001: sourcing nvim_exec2() called at /home/ususstudios/.config/nvim/init.lua:0
091.911  000.002  000.002: sourcing nvim_exec2() called at /home/ususstudios/.config/nvim/init.lua:0
091.919  000.001  000.001: sourcing nvim_exec2() called at /home/ususstudios/.config/nvim/init.lua:0
092.180  000.002  000.002: sourcing nvim_exec2() called at /home/ususstudios/.config/nvim/init.lua:0
092.203  000.001  000.001: sourcing nvim_exec2() called at /home/ususstudios/.config/nvim/init.lua:0
092.323  000.035  000.035: require('cmp.utils.api')
092.376  000.024  000.024: require('cmp.types.cmp')
092.436  000.030  000.030: require('cmp.utils.misc')
092.443  000.066  000.036: require('cmp.types.lsp')
092.465  000.021  000.021: require('cmp.types.vim')
092.467  000.142  000.030: require('cmp.types')
092.490  000.022  000.022: require('cmp.utils.highlight')
092.534  000.020  000.020: require('cmp.utils.debug')
092.538  000.047  000.027: require('cmp.utils.autocmd')
092.779  000.009  000.009: sourcing nvim_exec2() called at /home/ususstudios/.local/share/nvim/lazy/nvim-cmp/plugin/cmp.lua:0
092.782  000.528  000.272: sourcing /home/ususstudios/.local/share/nvim/lazy/nvim-cmp/plugin/cmp.lua
092.784  000.560  000.033: sourcing nvim_exec2() called at /home/ususstudios/.config/nvim/init.lua:0
092.788  000.001  000.001: sourcing nvim_exec2() called at /home/ususstudios/.config/nvim/init.lua:0
092.795  000.001  000.001: sourcing nvim_exec2() called at /home/ususstudios/.config/nvim/init.lua:0
092.968  000.053  000.053: require('cmp.utils.char')
092.973  000.084  000.031: require('cmp.utils.str')
093.056  000.021  000.021: require('cmp.utils.buffer')
093.061  000.059  000.039: require('cmp.utils.keymap')
093.063  000.089  000.029: require('cmp.utils.feedkeys')
093.159  000.030  000.030: require('cmp.config.mapping')
093.187  000.027  000.027: require('cmp.utils.cache')
093.245  000.028  000.028: require('cmp.config.compare')
093.267  000.021  000.021: require('cmp.config.window')
093.268  000.080  000.031: require('cmp.config.default')
093.278  000.178  000.041: require('cmp.config')
093.286  000.223  000.045: require('cmp.utils.async')
093.335  000.022  000.022: require('cmp.utils.pattern')
093.337  000.050  000.029: require('cmp.context')
093.460  000.052  000.052: require('cmp.utils.snippet')
093.487  000.026  000.026: require('cmp.matcher')
093.880  000.510  000.432: require('cmp.entry')
093.885  000.547  000.037: require('cmp.source')
093.946  000.024  000.024: require('cmp.utils.event')
094.036  000.033  000.033: require('cmp.utils.options')
094.039  000.066  000.033: require('cmp.utils.window')
094.040  000.094  000.028: require('cmp.view.docs_view')
094.090  000.049  000.049: require('cmp.view.custom_entries_view')
094.126  000.035  000.035: require('cmp.view.wildmenu_entries_view')
094.156  000.029  000.029: require('cmp.view.native_entries_view')
094.191  000.034  000.034: require('cmp.view.ghost_text_view')
094.196  000.310  000.045: require('cmp.view')
094.610  001.766  000.464: require('cmp.core')
094.749  000.031  000.031: require('cmp.config.sources')
094.774  001.976  000.178: require('cmp')
095.273  000.423  000.423: require('luasnip.util.vimversion')
095.277  000.460  000.037: require('luasnip.util.util')
095.406  000.040  000.040: require('luasnip.util.path')
095.463  000.022  000.022: require('luasnip.session.snippet_collection.source')
095.486  000.022  000.022: require('luasnip.util.table')
095.508  000.021  000.021: require('luasnip.util.auto_table')
095.512  000.104  000.038: require('luasnip.session.snippet_collection')
095.555  000.043  000.043: require('luasnip.util.log')
095.560  000.283  000.096: require('luasnip.loaders.util')
095.623  000.060  000.060: require('luasnip.loaders.fs_watchers')
095.651  000.027  000.027: require('luasnip.loaders.data')
095.674  000.022  000.022: require('luasnip.session.enqueueable_operations')
095.852  000.026  000.026: require('luasnip.util.str')
095.874  000.020  000.020: require('luasnip.nodes.key_indexer')
095.917  000.042  000.042: require('luasnip.util.feedkeys')
095.968  000.050  000.050: require('luasnip.nodes.util.snippet_string')
095.974  000.184  000.045: require('luasnip.nodes.util')
096.002  000.027  000.027: require('luasnip.util.events')
096.029  000.027  000.027: require('luasnip.nodes.optional_arg')
096.040  000.286  000.048: require('luasnip.nodes.node')
096.141  000.030  000.030: require('luasnip.util.extend_decorator')
096.159  000.119  000.089: require('luasnip.nodes.insertNode')
096.221  000.060  000.060: require('luasnip.nodes.textNode')
096.267  000.044  000.044: require('luasnip.util.mark')
096.391  000.038  000.038: require('luasnip.util.select')
096.417  000.024  000.024: require('luasnip.util.time')
096.674  000.370  000.307: require('luasnip.util._builtin_vars')
096.752  000.484  000.114: require('luasnip.util.environ')
096.796  000.043  000.043: require('luasnip.util.pattern_tokenizer')
096.826  000.029  000.029: require('luasnip.util.dict')
097.037  000.006  000.006: require('jsregexp.core')
097.040  000.054  000.048: require('luasnip-jsregexp')
097.049  000.189  000.135: require('luasnip.util.jsregexp')
097.052  000.224  000.034: require('luasnip.nodes.util.trig_engines')
097.095  001.393  000.105: require('luasnip.nodes.snippet')
097.225  000.042  000.042: require('luasnip.util.parser.neovim_ast')
097.274  000.042  000.042: require('luasnip.util.directed_graph')
097.277  000.133  000.050: require('luasnip.util.parser.ast_utils')
097.355  000.078  000.078: require('luasnip.nodes.functionNode')
097.420  000.063  000.063: require('luasnip.nodes.choiceNode')
097.497  000.075  000.075: require('luasnip.nodes.dynamicNode')
097.530  000.032  000.032: require('luasnip.util.functions')
097.534  000.438  000.056: require('luasnip.util.parser.ast_parser')
097.613  000.078  000.078: require('luasnip.util.parser.neovim_parser')
097.616  001.941  000.032: require('luasnip.util.parser')
097.655  000.037  000.037: require('luasnip.nodes.snippetProxy')
097.754  000.097  000.097: require('luasnip.util.jsonc')
097.820  000.031  000.031: require('luasnip.nodes.duplicate')
097.822  000.065  000.034: require('luasnip.loaders.snippet_cache')
097.829  003.054  000.062: require('luasnip.loaders.from_vscode')
101.147  000.074  000.074: require('luasnip.nodes.multiSnippet')
102.170  000.107  000.107: require('luasnip.loaders')
102.196  000.261  000.154: require('luasnip')
103.146  000.003  000.003: sourcing nvim_exec2() called at /home/ususstudios/.config/nvim/init.lua:0
103.155  000.001  000.001: sourcing nvim_exec2() called at /home/ususstudios/.config/nvim/init.lua:0
103.539  000.057  000.057: sourcing /home/ususstudios/.local/share/nvim/lazy/mason-tool-installer.nvim/plugin/mason-tool-installer.lua
103.544  000.088  000.031: sourcing nvim_exec2() called at /home/ususstudios/.config/nvim/init.lua:0
103.549  000.001  000.001: sourcing nvim_exec2() called at /home/ususstudios/.config/nvim/init.lua:0
103.557  000.001  000.001: sourcing nvim_exec2() called at /home/ususstudios/.config/nvim/init.lua:0
103.873  000.002  000.002: sourcing nvim_exec2() called at /home/ususstudios/.config/nvim/init.lua:0
103.882  000.001  000.001: sourcing nvim_exec2() called at /home/ususstudios/.config/nvim/init.lua:0
104.464  000.068  000.068: require('fidget.spinner.patterns')
104.466  000.107  000.039: require('fidget.spinner')
104.563  000.055  000.055: require('fidget.health')
104.566  000.098  000.043: require('fidget.options')
104.571  000.259  000.055: require('fidget.progress.display')
104.695  000.068  000.068: require('fidget.logger')
104.701  000.129  000.061: require('fidget.progress.lsp')
104.928  000.064  000.064: require('fidget.poll')
104.934  000.136  000.073: require('fidget.notification.model')
105.044  000.109  000.109: require('fidget.notification.window')
105.137  000.092  000.092: require('fidget.notification.view')
105.177  000.438  000.102: require('fidget.notification')
105.180  000.478  000.040: require('fidget.progress.handle')
105.244  000.983  000.116: require('fidget.progress')
105.373  000.126  000.126: require('fidget.commands')
105.453  000.040  000.040: require('fidget.integration.nvim-tree')
105.495  000.040  000.040: require('fidget.integration.xcodebuild-nvim')
105.525  000.151  000.070: require('fidget.integration')
105.546  001.643  000.383: require('fidget')
105.976  000.248  000.248: require('lspconfig.util')
105.994  000.345  000.097: sourcing /home/ususstudios/.local/share/nvim/lazy/nvim-lspconfig/plugin/lspconfig.lua
105.999  000.378  000.033: sourcing nvim_exec2() called at /home/ususstudios/.config/nvim/init.lua:0
106.005  000.002  000.002: sourcing nvim_exec2() called at /home/ususstudios/.config/nvim/init.lua:0
106.014  000.001  000.001: sourcing nvim_exec2() called at /home/ususstudios/.config/nvim/init.lua:0
106.208  000.069  000.069: require('cmp_nvim_lsp.source')
106.211  000.134  000.066: require('cmp_nvim_lsp')
106.471  000.089  000.089: require('mason-tool-installer')
106.574  000.041  000.041: require('mason-lspconfig.settings')
106.580  000.099  000.058: require('mason-lspconfig')
106.630  000.049  000.049: require('mason-null-ls.mappings.source')
107.332  000.003  000.003: sourcing nvim_exec2() called at /home/ususstudios/.config/nvim/init.lua:0
107.342  000.001  000.001: sourcing nvim_exec2() called at /home/ususstudios/.config/nvim/init.lua:0
107.644  000.002  000.002: sourcing nvim_exec2() called at /home/ususstudios/.config/nvim/init.lua:0
107.651  000.001  000.001: sourcing nvim_exec2() called at /home/ususstudios/.config/nvim/init.lua:0
107.905  000.184  000.184: sourcing /home/ususstudios/.local/share/nvim/lazy/telescope.nvim/plugin/telescope.lua
107.909  000.211  000.027: sourcing nvim_exec2() called at /home/ususstudios/.config/nvim/init.lua:0
107.913  000.002  000.002: sourcing nvim_exec2() called at /home/ususstudios/.config/nvim/init.lua:0
107.922  000.001  000.001: sourcing nvim_exec2() called at /home/ususstudios/.config/nvim/init.lua:0
108.780  000.155  000.155: require('plenary.strings')
109.043  000.124  000.124: require('telescope.log')
109.335  000.056  000.056: require('plenary.compat')
109.374  000.209  000.153: require('plenary.job')
109.425  000.050  000.050: require('telescope.state')
109.634  000.204  000.204: require('vim.hl')
109.677  000.632  000.168: require('telescope.utils')
109.689  000.907  000.151: require('telescope.sorters')
112.390  003.951  002.889: require('telescope.config')
112.870  000.287  000.287: require('plenary.window.border')
113.031  000.159  000.159: require('plenary.window')
113.172  000.140  000.140: require('plenary.popup.utils')
113.193  000.799  000.213: require('plenary.popup')
113.280  000.086  000.086: require('telescope.pickers.scroller')
113.330  000.048  000.048: require('telescope.actions.state')
113.368  000.037  000.037: require('telescope.actions.utils')
113.456  000.040  000.040: require('telescope.actions.mt')
113.468  000.099  000.059: require('telescope.actions.set')
113.545  000.040  000.040: require('telescope.config.resolve')
113.546  000.077  000.038: require('telescope.pickers.entry_display')
113.580  000.033  000.033: require('telescope.from_entry')
113.713  005.788  000.657: require('telescope.actions')
113.785  000.071  000.071: require('telescope.builtin')
113.863  000.039  000.039: require('telescope._extensions')
113.865  000.078  000.040: require('telescope')
113.908  000.040  000.040: require('telescope.themes')
114.669  000.113  000.113: require('fzf_lib')
114.673  000.167  000.053: require('telescope._extensions.fzf')
114.718  000.040  000.040: require('telescope._extensions.ui-select')
114.958  000.023  000.023: require('plenary.tbl')
114.961  000.049  000.027: require('plenary.vararg.rotate')
114.962  000.075  000.026: require('plenary.vararg')
114.985  000.023  000.023: require('plenary.errors')
114.988  000.129  000.031: require('plenary.async.async')
115.097  000.032  000.032: require('plenary.async.structs')
115.104  000.067  000.034: require('plenary.async.control')
115.107  000.095  000.029: require('plenary.async.util')
115.109  000.120  000.024: require('plenary.async.tests')
115.110  000.283  000.034: require('plenary.async')
115.160  000.048  000.048: require('telescope.debounce')
115.229  000.068  000.068: require('telescope.mappings')
115.273  000.043  000.043: require('telescope.pickers.highlights')
115.310  000.035  000.035: require('telescope.pickers.window')
115.346  000.035  000.035: require('telescope.pickers.layout')
115.449  000.052  000.052: require('telescope.algos.linked_list')
115.453  000.107  000.055: require('telescope.entry_manager')
115.498  000.043  000.043: require('telescope.pickers.multi')
115.509  000.789  000.127: require('telescope.pickers')
115.646  000.095  000.095: require('telescope.make_entry')
115.682  000.035  000.035: require('telescope.finders.async_static_finder')
115.778  000.022  000.022: require('plenary.class')
115.784  000.068  000.046: require('telescope._')
115.786  000.102  000.034: require('telescope.finders.async_oneshot_finder')
115.819  000.032  000.032: require('telescope.finders.async_job_finder')
115.822  000.312  000.048: require('telescope.finders')
115.857  000.031  000.031: require('vim.ui')
115.988  000.030  000.030: sourcing /home/ususstudios/.local/share/nvim/lazy/nvim-colorizer.lua/plugin/colorizer.vim
115.991  000.063  000.033: sourcing nvim_exec2() called at /home/ususstudios/.config/nvim/init.lua:0
115.996  000.002  000.002: sourcing nvim_exec2() called at /home/ususstudios/.config/nvim/init.lua:0
116.003  000.001  000.001: sourcing nvim_exec2() called at /home/ususstudios/.config/nvim/init.lua:0
116.433  000.040  000.040: require('colorizer/nvim')
116.532  000.097  000.097: require('colorizer/trie')
116.641  000.635  000.498: require('colorizer')
117.360  000.045  000.045: require('vim.health')
117.363  000.084  000.039: require('vim.deprecated.health')
118.015  000.366  000.366: require('gitsigns')
118.255  000.199  000.199: require('gitsigns.highlight')
118.309  000.042  000.042: require('gitsigns.debug.log')
118.379  000.069  000.069: require('gitsigns.config')
118.767  000.032  000.032: require('gitsigns.debounce')
118.775  001.150  000.442: sourcing /home/ususstudios/.local/share/nvim/lazy/gitsigns.nvim/plugin/gitsigns.lua
118.779  001.176  000.026: sourcing nvim_exec2() called at /home/ususstudios/.config/nvim/init.lua:0
118.784  000.002  000.002: sourcing nvim_exec2() called at /home/ususstudios/.config/nvim/init.lua:0
118.791  000.001  000.001: sourcing nvim_exec2() called at /home/ususstudios/.config/nvim/init.lua:0
118.929  000.002  000.002: sourcing nvim_exec2() called at /home/ususstudios/.config/nvim/init.lua:0
118.935  000.001  000.001: sourcing nvim_exec2() called at /home/ususstudios/.config/nvim/init.lua:0
119.355  000.033  000.033: require('lualine_require')
119.526  000.589  000.555: require('lualine')
119.689  000.009  000.009: sourcing nvim_exec2() called at /home/ususstudios/.config/nvim/init.lua:0
120.110  000.059  000.059: require('lualine.highlight')
120.513  000.005  000.005: sourcing nvim_exec2() called at /home/ususstudios/.config/nvim/init.lua:0
120.549  000.003  000.003: sourcing nvim_exec2() called at /home/ususstudios/.config/nvim/init.lua:0
120.555  000.002  000.002: sourcing nvim_exec2() called at /home/ususstudios/.config/nvim/init.lua:0
120.563  000.004  000.004: sourcing nvim_exec2() called at /home/ususstudios/.config/nvim/init.lua:0
120.576  000.002  000.002: sourcing nvim_exec2() called at /home/ususstudios/.config/nvim/init.lua:0
120.581  000.001  000.001: sourcing nvim_exec2() called at /home/ususstudios/.config/nvim/init.lua:0
120.585  000.001  000.001: sourcing nvim_exec2() called at /home/ususstudios/.config/nvim/init.lua:0
120.590  000.002  000.002: sourcing nvim_exec2() called at /home/ususstudios/.config/nvim/init.lua:0
120.595  000.001  000.001: sourcing nvim_exec2() called at /home/ususstudios/.config/nvim/init.lua:0
120.598  000.001  000.001: sourcing nvim_exec2() called at /home/ususstudios/.config/nvim/init.lua:0
120.603  000.001  000.001: sourcing nvim_exec2() called at /home/ususstudios/.config/nvim/init.lua:0
120.607  000.001  000.001: sourcing nvim_exec2() called at /home/ususstudios/.config/nvim/init.lua:0
120.610  000.001  000.001: sourcing nvim_exec2() called at /home/ususstudios/.config/nvim/init.lua:0
120.614  000.001  000.001: sourcing nvim_exec2() called at /home/ususstudios/.config/nvim/init.lua:0
120.618  000.001  000.001: sourcing nvim_exec2() called at /home/ususstudios/.config/nvim/init.lua:0
120.622  000.001  000.001: sourcing nvim_exec2() called at /home/ususstudios/.config/nvim/init.lua:0
120.629  000.001  000.001: sourcing nvim_exec2() called at /home/ususstudios/.config/nvim/init.lua:0
120.634  000.001  000.001: sourcing nvim_exec2() called at /home/ususstudios/.config/nvim/init.lua:0
120.637  000.001  000.001: sourcing nvim_exec2() called at /home/ususstudios/.config/nvim/init.lua:0
120.641  000.001  000.001: sourcing nvim_exec2() called at /home/ususstudios/.config/nvim/init.lua:0
120.645  000.001  000.001: sourcing nvim_exec2() called at /home/ususstudios/.config/nvim/init.lua:0
120.649  000.001  000.001: sourcing nvim_exec2() called at /home/ususstudios/.config/nvim/init.lua:0
120.658  000.007  000.007: sourcing nvim_exec2() called at /home/ususstudios/.config/nvim/init.lua:0
120.959  000.032  000.032: require('lualine.utils.mode')
121.411  000.005  000.005: sourcing nvim_exec2() called at /home/ususstudios/.config/nvim/init.lua:0
121.418  000.003  000.003: sourcing nvim_exec2() called at /home/ususstudios/.config/nvim/init.lua:0
121.553  000.005  000.005: sourcing nvim_exec2() called at /home/ususstudios/.config/nvim/init.lua:0
121.578  000.002  000.002: sourcing nvim_exec2() called at /home/ususstudios/.config/nvim/init.lua:0
121.584  000.001  000.001: sourcing nvim_exec2() called at /home/ususstudios/.config/nvim/init.lua:0
121.588  000.001  000.001: sourcing nvim_exec2() called at /home/ususstudios/.config/nvim/init.lua:0
121.592  000.001  000.001: sourcing nvim_exec2() called at /home/ususstudios/.config/nvim/init.lua:0
121.596  000.001  000.001: sourcing nvim_exec2() called at /home/ususstudios/.config/nvim/init.lua:0
121.600  000.001  000.001: sourcing nvim_exec2() called at /home/ususstudios/.config/nvim/init.lua:0
121.606  000.001  000.001: sourcing nvim_exec2() called at /home/ususstudios/.config/nvim/init.lua:0
121.611  000.002  000.002: sourcing nvim_exec2() called at /home/ususstudios/.config/nvim/init.lua:0
121.615  000.001  000.001: sourcing nvim_exec2() called at /home/ususstudios/.config/nvim/init.lua:0
121.618  000.001  000.001: sourcing nvim_exec2() called at /home/ususstudios/.config/nvim/init.lua:0
121.623  000.001  000.001: sourcing nvim_exec2() called at /home/ususstudios/.config/nvim/init.lua:0
121.627  000.001  000.001: sourcing nvim_exec2() called at /home/ususstudios/.config/nvim/init.lua:0
121.631  000.001  000.001: sourcing nvim_exec2() called at /home/ususstudios/.config/nvim/init.lua:0
121.640  000.002  000.002: sourcing nvim_exec2() called at /home/ususstudios/.config/nvim/init.lua:0
121.646  000.001  000.001: sourcing nvim_exec2() called at /home/ususstudios/.config/nvim/init.lua:0
121.650  000.001  000.001: sourcing nvim_exec2() called at /home/ususstudios/.config/nvim/init.lua:0
121.654  000.001  000.001: sourcing nvim_exec2() called at /home/ususstudios/.config/nvim/init.lua:0
121.658  000.001  000.001: sourcing nvim_exec2() called at /home/ususstudios/.config/nvim/init.lua:0
121.662  000.001  000.001: sourcing nvim_exec2() called at /home/ususstudios/.config/nvim/init.lua:0
121.685  000.021  000.021: sourcing nvim_exec2() called at /home/ususstudios/.config/nvim/init.lua:0
121.769  000.005  000.005: sourcing nvim_exec2() called at /home/ususstudios/.config/nvim/init.lua:0
121.774  000.001  000.001: sourcing nvim_exec2() called at /home/ususstudios/.config/nvim/init.lua:0
121.777  000.001  000.001: sourcing nvim_exec2() called at /home/ususstudios/.config/nvim/init.lua:0
121.781  000.003  000.003: sourcing nvim_exec2() called at /home/ususstudios/.config/nvim/init.lua:0
122.066  000.004  000.004: sourcing nvim_exec2() called at /home/ususstudios/.config/nvim/init.lua:0
122.073  000.002  000.002: sourcing nvim_exec2() called at /home/ususstudios/.config/nvim/init.lua:0
122.078  000.001  000.001: sourcing nvim_exec2() called at /home/ususstudios/.config/nvim/init.lua:0
122.091  000.001  000.001: sourcing nvim_exec2() called at /home/ususstudios/.config/nvim/init.lua:0
122.096  000.001  000.001: sourcing nvim_exec2() called at /home/ususstudios/.config/nvim/init.lua:0
122.100  000.001  000.001: sourcing nvim_exec2() called at /home/ususstudios/.config/nvim/init.lua:0
122.104  000.001  000.001: sourcing nvim_exec2() called at /home/ususstudios/.config/nvim/init.lua:0
122.110  000.002  000.002: sourcing nvim_exec2() called at /home/ususstudios/.config/nvim/init.lua:0
122.115  000.001  000.001: sourcing nvim_exec2() called at /home/ususstudios/.config/nvim/init.lua:0
122.120  000.001  000.001: sourcing nvim_exec2() called at /home/ususstudios/.config/nvim/init.lua:0
122.124  000.001  000.001: sourcing nvim_exec2() called at /home/ususstudios/.config/nvim/init.lua:0
122.128  000.001  000.001: sourcing nvim_exec2() called at /home/ususstudios/.config/nvim/init.lua:0
122.132  000.001  000.001: sourcing nvim_exec2() called at /home/ususstudios/.config/nvim/init.lua:0
122.135  000.001  000.001: sourcing nvim_exec2() called at /home/ususstudios/.config/nvim/init.lua:0
122.148  000.009  000.009: sourcing nvim_exec2() called at /home/ususstudios/.config/nvim/init.lua:0
122.152  000.001  000.001: sourcing nvim_exec2() called at /home/ususstudios/.config/nvim/init.lua:0
122.156  000.001  000.001: sourcing nvim_exec2() called at /home/ususstudios/.config/nvim/init.lua:0
122.160  000.001  000.001: sourcing nvim_exec2() called at /home/ususstudios/.config/nvim/init.lua:0
122.163  000.001  000.001: sourcing nvim_exec2() called at /home/ususstudios/.config/nvim/init.lua:0
122.167  000.001  000.001: sourcing nvim_exec2() called at /home/ususstudios/.config/nvim/init.lua:0
122.170  000.001  000.001: sourcing nvim_exec2() called at /home/ususstudios/.config/nvim/init.lua:0
122.175  000.001  000.001: sourcing nvim_exec2() called at /home/ususstudios/.config/nvim/init.lua:0
122.180  000.001  000.001: sourcing nvim_exec2() called at /home/ususstudios/.config/nvim/init.lua:0
122.184  000.001  000.001: sourcing nvim_exec2() called at /home/ususstudios/.config/nvim/init.lua:0
122.188  000.001  000.001: sourcing nvim_exec2() called at /home/ususstudios/.config/nvim/init.lua:0
122.192  000.001  000.001: sourcing nvim_exec2() called at /home/ususstudios/.config/nvim/init.lua:0
122.195  000.001  000.001: sourcing nvim_exec2() called at /home/ususstudios/.config/nvim/init.lua:0
122.199  000.001  000.001: sourcing nvim_exec2() called at /home/ususstudios/.config/nvim/init.lua:0
122.382  000.009  000.009: sourcing nvim_exec2() called at /home/ususstudios/.config/nvim/init.lua:0
122.409  000.004  000.004: sourcing nvim_exec2() called at /home/ususstudios/.config/nvim/init.lua:0
122.420  000.009  000.009: sourcing nvim_exec2() called at /home/ususstudios/.config/nvim/init.lua:0
122.427  000.004  000.004: sourcing nvim_exec2() called at /home/ususstudios/.config/nvim/init.lua:0
122.448  000.003  000.003: sourcing nvim_exec2() called at /home/ususstudios/.config/nvim/init.lua:0
122.596  000.034  000.034: sourcing /opt/nvim-linux-x86_64/share/nvim/runtime/plugin/editorconfig.lua
122.601  000.060  000.026: sourcing nvim_exec2() called at /home/ususstudios/.config/nvim/init.lua:0
122.723  000.102  000.102: sourcing /opt/nvim-linux-x86_64/share/nvim/runtime/plugin/gzip.vim
122.727  000.123  000.021: sourcing nvim_exec2() called at /home/ususstudios/.config/nvim/init.lua:0
122.782  000.035  000.035: sourcing /opt/nvim-linux-x86_64/share/nvim/runtime/plugin/man.lua
122.786  000.056  000.020: sourcing nvim_exec2() called at /home/ususstudios/.config/nvim/init.lua:0
123.479  000.127  000.127: sourcing /opt/nvim-linux-x86_64/share/nvim/runtime/pack/dist/opt/matchit/plugin/matchit.vim
123.495  000.689  000.562: sourcing /opt/nvim-linux-x86_64/share/nvim/runtime/plugin/matchit.vim
123.499  000.709  000.020: sourcing nvim_exec2() called at /home/ususstudios/.config/nvim/init.lua:0
123.594  000.073  000.073: sourcing /opt/nvim-linux-x86_64/share/nvim/runtime/plugin/matchparen.vim
123.598  000.094  000.021: sourcing nvim_exec2() called at /home/ususstudios/.config/nvim/init.lua:0
124.311  000.149  000.149: sourcing /opt/nvim-linux-x86_64/share/nvim/runtime/pack/dist/opt/netrw/plugin/netrwPlugin.vim
124.328  000.706  000.557: sourcing /opt/nvim-linux-x86_64/share/nvim/runtime/plugin/netrwPlugin.vim
124.331  000.729  000.023: sourcing nvim_exec2() called at /home/ususstudios/.config/nvim/init.lua:0
124.401  000.034  000.034: sourcing /opt/nvim-linux-x86_64/share/nvim/runtime/plugin/osc52.lua
124.405  000.070  000.036: sourcing nvim_exec2() called at /home/ususstudios/.config/nvim/init.lua:0
124.518  000.091  000.091: sourcing /opt/nvim-linux-x86_64/share/nvim/runtime/plugin/rplugin.vim
124.522  000.114  000.023: sourcing nvim_exec2() called at /home/ususstudios/.config/nvim/init.lua:0
124.586  000.036  000.036: sourcing /opt/nvim-linux-x86_64/share/nvim/runtime/plugin/shada.vim
124.589  000.062  000.027: sourcing nvim_exec2() called at /home/ususstudios/.config/nvim/init.lua:0
124.629  000.012  000.012: sourcing /opt/nvim-linux-x86_64/share/nvim/runtime/plugin/spellfile.vim
124.632  000.039  000.028: sourcing nvim_exec2() called at /home/ususstudios/.config/nvim/init.lua:0
124.709  000.054  000.054: sourcing /opt/nvim-linux-x86_64/share/nvim/runtime/plugin/tarPlugin.vim
124.713  000.078  000.024: sourcing nvim_exec2() called at /home/ususstudios/.config/nvim/init.lua:0
124.773  000.028  000.028: sourcing /opt/nvim-linux-x86_64/share/nvim/runtime/plugin/tohtml.lua
124.777  000.060  000.032: sourcing nvim_exec2() called at /home/ususstudios/.config/nvim/init.lua:0
124.814  000.014  000.014: sourcing /opt/nvim-linux-x86_64/share/nvim/runtime/plugin/tutor.vim
124.817  000.038  000.024: sourcing nvim_exec2() called at /home/ususstudios/.config/nvim/init.lua:0
124.924  000.084  000.084: sourcing /opt/nvim-linux-x86_64/share/nvim/runtime/plugin/zipPlugin.vim
124.928  000.108  000.024: sourcing nvim_exec2() called at /home/ususstudios/.config/nvim/init.lua:0
125.187  000.049  000.049: require('cmp_path')
125.218  000.145  000.096: sourcing /home/ususstudios/.local/share/nvim/lazy/cmp-path/after/plugin/cmp_path.lua
125.222  000.184  000.039: sourcing nvim_exec2() called at /home/ususstudios/.config/nvim/init.lua:0
125.395  000.023  000.023: require('cmp_buffer.timer')
125.398  000.056  000.033: require('cmp_buffer.buffer')
125.400  000.084  000.029: require('cmp_buffer.source')
125.401  000.110  000.026: require('cmp_buffer')
125.439  000.170  000.060: sourcing /home/ususstudios/.local/share/nvim/lazy/cmp-buffer/after/plugin/cmp_buffer.lua
125.442  000.199  000.029: sourcing nvim_exec2() called at /home/ususstudios/.config/nvim/init.lua:0
125.539  000.042  000.042: sourcing /home/ususstudios/.local/share/nvim/lazy/cmp-nvim-lsp/after/plugin/cmp_nvim_lsp.lua
125.544  000.076  000.034: sourcing nvim_exec2() called at /home/ususstudios/.config/nvim/init.lua:0
125.643  000.035  000.035: require('cmp_luasnip')
125.669  000.083  000.049: sourcing /home/ususstudios/.local/share/nvim/lazy/cmp_luasnip/after/plugin/cmp_luasnip.lua
125.672  000.111  000.027: sourcing nvim_exec2() called at /home/ususstudios/.config/nvim/init.lua:0
125.771  000.037  000.037: sourcing /home/ususstudios/.local/share/nvim/lazy/indent-blankline.nvim/after/plugin/commands.lua
125.775  000.066  000.029: sourcing nvim_exec2() called at /home/ususstudios/.config/nvim/init.lua:0
125.802  122.118  075.134: require('config.lazy')
126.105  000.137  000.137: require('vim.lsp.buf')
126.129  000.324  000.188: require('config.keymaps')
126.160  000.030  000.030: require('config.commands')
127.344  000.033  000.033: require('nightfox.lib.collect')
127.392  000.046  000.046: require('nightfox.util')
127.461  000.202  000.122: require('nightfox.config')
127.503  000.041  000.041: require('nightfox')
127.535  000.030  000.030: require('nightfox.override')
127.589  000.030  000.030: require('nightfox.lib.hash')
128.311  001.069  000.767: sourcing /home/ususstudios/.local/share/nvim/lazy/nightfox.nvim/colors/carbonfox.vim
128.341  000.003  000.003: sourcing nvim_exec2() called at ColorScheme Autocommands for "*":0
128.347  000.002  000.002: sourcing nvim_exec2() called at ColorScheme Autocommands for "*":0
128.353  000.002  000.002: sourcing nvim_exec2() called at ColorScheme Autocommands for "*":0
128.357  000.001  000.001: sourcing nvim_exec2() called at ColorScheme Autocommands for "*":0
128.360  000.001  000.001: sourcing nvim_exec2() called at ColorScheme Autocommands for "*":0
128.364  000.001  000.001: sourcing nvim_exec2() called at ColorScheme Autocommands for "*":0
128.367  000.002  000.002: sourcing nvim_exec2() called at ColorScheme Autocommands for "*":0
128.370  000.001  000.001: sourcing nvim_exec2() called at ColorScheme Autocommands for "*":0
128.373  000.001  000.001: sourcing nvim_exec2() called at ColorScheme Autocommands for "*":0
128.376  000.001  000.001: sourcing nvim_exec2() called at ColorScheme Autocommands for "*":0
128.379  000.001  000.001: sourcing nvim_exec2() called at ColorScheme Autocommands for "*":0
128.382  000.001  000.001: sourcing nvim_exec2() called at ColorScheme Autocommands for "*":0
128.387  000.001  000.001: sourcing nvim_exec2() called at ColorScheme Autocommands for "*":0
128.390  000.001  000.001: sourcing nvim_exec2() called at ColorScheme Autocommands for "*":0
128.393  000.001  000.001: sourcing nvim_exec2() called at ColorScheme Autocommands for "*":0
128.396  000.001  000.001: sourcing nvim_exec2() called at ColorScheme Autocommands for "*":0
128.399  000.001  000.001: sourcing nvim_exec2() called at ColorScheme Autocommands for "*":0
128.402  000.001  000.001: sourcing nvim_exec2() called at ColorScheme Autocommands for "*":0
128.405  000.001  000.001: sourcing nvim_exec2() called at ColorScheme Autocommands for "*":0
128.408  000.001  000.001: sourcing nvim_exec2() called at ColorScheme Autocommands for "*":0
128.411  000.001  000.001: sourcing nvim_exec2() called at ColorScheme Autocommands for "*":0
129.241  000.008  000.008: sourcing nvim_exec2() called at ColorScheme Autocommands for "*":0
129.763  000.051  000.051: require('nightfox.lib.color')
129.765  000.097  000.046: require('nightfox.util.lualine')
129.825  000.029  000.029: require('nightfox.util.template')
129.827  000.061  000.032: require('nightfox.spec')
129.871  000.042  000.042: require('nightfox.palette')
129.945  000.029  000.029: require('nightfox.lib.shade')
130.024  000.150  000.120: require('nightfox.palette.carbonfox')
130.066  000.003  000.003: sourcing nvim_exec2() called at ColorScheme Autocommands for "*":0
130.069  000.001  000.001: sourcing nvim_exec2() called at ColorScheme Autocommands for "*":0
130.072  000.001  000.001: sourcing nvim_exec2() called at ColorScheme Autocommands for "*":0
130.074  000.001  000.001: sourcing nvim_exec2() called at ColorScheme Autocommands for "*":0
130.076  000.001  000.001: sourcing nvim_exec2() called at ColorScheme Autocommands for "*":0
130.101  000.001  000.001: sourcing nvim_exec2() called at ColorScheme Autocommands for "*":0
130.120  000.001  000.001: sourcing nvim_exec2() called at ColorScheme Autocommands for "*":0
130.122  000.001  000.001: sourcing nvim_exec2() called at ColorScheme Autocommands for "*":0
130.124  000.001  000.001: sourcing nvim_exec2() called at ColorScheme Autocommands for "*":0
130.126  000.001  000.001: sourcing nvim_exec2() called at ColorScheme Autocommands for "*":0
130.130  000.001  000.001: sourcing nvim_exec2() called at ColorScheme Autocommands for "*":0
130.132  000.001  000.001: sourcing nvim_exec2() called at ColorScheme Autocommands for "*":0
130.134  000.001  000.001: sourcing nvim_exec2() called at ColorScheme Autocommands for "*":0
130.136  000.001  000.001: sourcing nvim_exec2() called at ColorScheme Autocommands for "*":0
130.137  000.001  000.001: sourcing nvim_exec2() called at ColorScheme Autocommands for "*":0
130.139  000.001  000.001: sourcing nvim_exec2() called at ColorScheme Autocommands for "*":0
130.141  000.001  000.001: sourcing nvim_exec2() called at ColorScheme Autocommands for "*":0
130.143  000.001  000.001: sourcing nvim_exec2() called at ColorScheme Autocommands for "*":0
130.145  000.001  000.001: sourcing nvim_exec2() called at ColorScheme Autocommands for "*":0
130.147  000.001  000.001: sourcing nvim_exec2() called at ColorScheme Autocommands for "*":0
130.148  000.001  000.001: sourcing nvim_exec2() called at ColorScheme Autocommands for "*":0
130.150  000.001  000.001: sourcing nvim_exec2() called at ColorScheme Autocommands for "*":0
130.152  000.001  000.001: sourcing nvim_exec2() called at ColorScheme Autocommands for "*":0
130.154  000.001  000.001: sourcing nvim_exec2() called at ColorScheme Autocommands for "*":0
130.155  000.001  000.001: sourcing nvim_exec2() called at ColorScheme Autocommands for "*":0
130.157  000.001  000.001: sourcing nvim_exec2() called at ColorScheme Autocommands for "*":0
130.159  000.001  000.001: sourcing nvim_exec2() called at ColorScheme Autocommands for "*":0
130.163  000.001  000.001: sourcing nvim_exec2() called at ColorScheme Autocommands for "*":0
130.165  000.001  000.001: sourcing nvim_exec2() called at ColorScheme Autocommands for "*":0
130.166  000.001  000.001: sourcing nvim_exec2() called at ColorScheme Autocommands for "*":0
130.168  000.001  000.001: sourcing nvim_exec2() called at ColorScheme Autocommands for "*":0
130.170  000.001  000.001: sourcing nvim_exec2() called at ColorScheme Autocommands for "*":0
130.172  000.001  000.001: sourcing nvim_exec2() called at ColorScheme Autocommands for "*":0
130.173  000.001  000.001: sourcing nvim_exec2() called at ColorScheme Autocommands for "*":0
130.175  000.001  000.001: sourcing nvim_exec2() called at ColorScheme Autocommands for "*":0
130.177  000.001  000.001: sourcing nvim_exec2() called at ColorScheme Autocommands for "*":0
130.179  000.001  000.001: sourcing nvim_exec2() called at ColorScheme Autocommands for "*":0
130.181  000.001  000.001: sourcing nvim_exec2() called at ColorScheme Autocommands for "*":0
130.182  000.001  000.001: sourcing nvim_exec2() called at ColorScheme Autocommands for "*":0
130.184  000.001  000.001: sourcing nvim_exec2() called at ColorScheme Autocommands for "*":0
130.186  000.001  000.001: sourcing nvim_exec2() called at ColorScheme Autocommands for "*":0
130.187  000.001  000.001: sourcing nvim_exec2() called at ColorScheme Autocommands for "*":0
130.189  000.001  000.001: sourcing nvim_exec2() called at ColorScheme Autocommands for "*":0
130.190  000.001  000.001: sourcing nvim_exec2() called at ColorScheme Autocommands for "*":0
130.192  000.001  000.001: sourcing nvim_exec2() called at ColorScheme Autocommands for "*":0
130.194  000.001  000.001: sourcing nvim_exec2() called at ColorScheme Autocommands for "*":0
130.197  000.001  000.001: sourcing nvim_exec2() called at ColorScheme Autocommands for "*":0
130.199  000.001  000.001: sourcing nvim_exec2() called at ColorScheme Autocommands for "*":0
130.200  000.001  000.001: sourcing nvim_exec2() called at ColorScheme Autocommands for "*":0
130.202  000.001  000.001: sourcing nvim_exec2() called at ColorScheme Autocommands for "*":0
130.204  000.001  000.001: sourcing nvim_exec2() called at ColorScheme Autocommands for "*":0
130.205  000.001  000.001: sourcing nvim_exec2() called at ColorScheme Autocommands for "*":0
130.207  000.001  000.001: sourcing nvim_exec2() called at ColorScheme Autocommands for "*":0
130.209  000.001  000.001: sourcing nvim_exec2() called at ColorScheme Autocommands for "*":0
130.210  000.001  000.001: sourcing nvim_exec2() called at ColorScheme Autocommands for "*":0
130.212  000.001  000.001: sourcing nvim_exec2() called at ColorScheme Autocommands for "*":0
130.213  000.001  000.001: sourcing nvim_exec2() called at ColorScheme Autocommands for "*":0
130.215  000.001  000.001: sourcing nvim_exec2() called at ColorScheme Autocommands for "*":0
130.217  000.001  000.001: sourcing nvim_exec2() called at ColorScheme Autocommands for "*":0
130.218  000.001  000.001: sourcing nvim_exec2() called at ColorScheme Autocommands for "*":0
130.220  000.001  000.001: sourcing nvim_exec2() called at ColorScheme Autocommands for "*":0
130.222  000.001  000.001: sourcing nvim_exec2() called at ColorScheme Autocommands for "*":0
130.224  000.001  000.001: sourcing nvim_exec2() called at ColorScheme Autocommands for "*":0
130.226  000.001  000.001: sourcing nvim_exec2() called at ColorScheme Autocommands for "*":0
130.229  000.001  000.001: sourcing nvim_exec2() called at ColorScheme Autocommands for "*":0
130.231  000.001  000.001: sourcing nvim_exec2() called at ColorScheme Autocommands for "*":0
130.233  000.001  000.001: sourcing nvim_exec2() called at ColorScheme Autocommands for "*":0
130.234  000.001  000.001: sourcing nvim_exec2() called at ColorScheme Autocommands for "*":0
130.236  000.001  000.001: sourcing nvim_exec2() called at ColorScheme Autocommands for "*":0
130.238  000.001  000.001: sourcing nvim_exec2() called at ColorScheme Autocommands for "*":0
130.239  000.001  000.001: sourcing nvim_exec2() called at ColorScheme Autocommands for "*":0
130.248  000.002  000.002: sourcing nvim_exec2() called at ColorScheme Autocommands for "*":0
130.318  000.002  000.002: sourcing nvim_exec2() called at ColorScheme Autocommands for "*":0
130.322  000.001  000.001: sourcing nvim_exec2() called at ColorScheme Autocommands for "*":0
130.327  000.001  000.001: sourcing nvim_exec2() called at ColorScheme Autocommands for "*":0
130.333  000.001  000.001: sourcing nvim_exec2() called at ColorScheme Autocommands for "*":0
130.338  000.001  000.001: sourcing nvim_exec2() called at ColorScheme Autocommands for "*":0
130.343  000.003  000.003: sourcing nvim_exec2() called at ColorScheme Autocommands for "*":0
130.350  000.001  000.001: sourcing nvim_exec2() called at ColorScheme Autocommands for "*":0
130.353  000.001  000.001: sourcing nvim_exec2() called at ColorScheme Autocommands for "*":0
130.357  000.001  000.001: sourcing nvim_exec2() called at ColorScheme Autocommands for "*":0
130.363  000.001  000.001: sourcing nvim_exec2() called at ColorScheme Autocommands for "*":0
130.367  000.001  000.001: sourcing nvim_exec2() called at ColorScheme Autocommands for "*":0
130.373  000.001  000.001: sourcing nvim_exec2() called at ColorScheme Autocommands for "*":0
130.377  000.001  000.001: sourcing nvim_exec2() called at ColorScheme Autocommands for "*":0
130.381  000.001  000.001: sourcing nvim_exec2() called at ColorScheme Autocommands for "*":0
130.386  000.001  000.001: sourcing nvim_exec2() called at ColorScheme Autocommands for "*":0
130.440  000.002  000.002: sourcing nvim_exec2() called at ColorScheme Autocommands for "*":0
130.453  000.006  000.006: sourcing nvim_exec2() called at ColorScheme Autocommands for "*":0
130.517  000.003  000.003: sourcing nvim_exec2() called at ColorScheme Autocommands for "*":0
130.522  000.002  000.002: sourcing nvim_exec2() called at ColorScheme Autocommands for "*":0
130.601  000.003  000.003: sourcing nvim_exec2() called at ColorScheme Autocommands for "*":0
130.606  000.001  000.001: sourcing nvim_exec2() called at ColorScheme Autocommands for "*":0
130.624  000.002  000.002: sourcing nvim_exec2() called at ColorScheme Autocommands for "*":0
130.628  000.001  000.001: sourcing nvim_exec2() called at ColorScheme Autocommands for "*":0
130.632  000.001  000.001: sourcing nvim_exec2() called at ColorScheme Autocommands for "*":0
130.637  000.001  000.001: sourcing nvim_exec2() called at ColorScheme Autocommands for "*":0
130.641  000.001  000.001: sourcing nvim_exec2() called at ColorScheme Autocommands for "*":0
130.648  000.001  000.001: sourcing nvim_exec2() called at ColorScheme Autocommands for "*":0
130.652  000.001  000.001: sourcing nvim_exec2() called at ColorScheme Autocommands for "*":0
130.656  000.001  000.001: sourcing nvim_exec2() called at ColorScheme Autocommands for "*":0
130.661  000.001  000.001: sourcing nvim_exec2() called at ColorScheme Autocommands for "*":0
130.665  000.001  000.001: sourcing nvim_exec2() called at ColorScheme Autocommands for "*":0
130.670  000.001  000.001: sourcing nvim_exec2() called at ColorScheme Autocommands for "*":0
130.674  000.001  000.001: sourcing nvim_exec2() called at ColorScheme Autocommands for "*":0
130.678  000.001  000.001: sourcing nvim_exec2() called at ColorScheme Autocommands for "*":0
130.684  000.001  000.001: sourcing nvim_exec2() called at ColorScheme Autocommands for "*":0
130.690  000.001  000.001: sourcing nvim_exec2() called at ColorScheme Autocommands for "*":0
130.693  000.001  000.001: sourcing nvim_exec2() called at ColorScheme Autocommands for "*":0
130.696  000.001  000.001: sourcing nvim_exec2() called at ColorScheme Autocommands for "*":0
130.701  000.001  000.001: sourcing nvim_exec2() called at ColorScheme Autocommands for "*":0
130.705  000.001  000.001: sourcing nvim_exec2() called at ColorScheme Autocommands for "*":0
130.711  000.003  000.003: sourcing nvim_exec2() called at ColorScheme Autocommands for "*":0
130.715  000.001  000.001: sourcing nvim_exec2() called at ColorScheme Autocommands for "*":0
130.718  000.001  000.001: sourcing nvim_exec2() called at ColorScheme Autocommands for "*":0
130.722  000.002  000.002: sourcing nvim_exec2() called at ColorScheme Autocommands for "*":0
130.788  000.003  000.003: sourcing nvim_exec2() called at ColorScheme Autocommands for "*":0
130.793  000.001  000.001: sourcing nvim_exec2() called at ColorScheme Autocommands for "*":0
130.799  000.001  000.001: sourcing nvim_exec2() called at ColorScheme Autocommands for "*":0
130.803  000.001  000.001: sourcing nvim_exec2() called at ColorScheme Autocommands for "*":0
130.809  000.001  000.001: sourcing nvim_exec2() called at ColorScheme Autocommands for "*":0
130.813  000.001  000.001: sourcing nvim_exec2() called at ColorScheme Autocommands for "*":0
130.817  000.001  000.001: sourcing nvim_exec2() called at ColorScheme Autocommands for "*":0
130.825  000.001  000.001: sourcing nvim_exec2() called at ColorScheme Autocommands for "*":0
130.854  000.002  000.002: sourcing nvim_exec2() called at ColorScheme Autocommands for "*":0
130.859  000.001  000.001: sourcing nvim_exec2() called at ColorScheme Autocommands for "*":0
130.863  000.001  000.001: sourcing nvim_exec2() called at ColorScheme Autocommands for "*":0
130.869  000.001  000.001: sourcing nvim_exec2() called at ColorScheme Autocommands for "*":0
130.887  000.001  000.001: sourcing nvim_exec2() called at ColorScheme Autocommands for "*":0
130.891  000.001  000.001: sourcing nvim_exec2() called at ColorScheme Autocommands for "*":0
130.898  000.001  000.001: sourcing nvim_exec2() called at ColorScheme Autocommands for "*":0
130.902  000.001  000.001: sourcing nvim_exec2() called at ColorScheme Autocommands for "*":0
130.907  000.001  000.001: sourcing nvim_exec2() called at ColorScheme Autocommands for "*":0
130.910  000.001  000.001: sourcing nvim_exec2() called at ColorScheme Autocommands for "*":0
130.913  000.001  000.001: sourcing nvim_exec2() called at ColorScheme Autocommands for "*":0
130.918  000.001  000.001: sourcing nvim_exec2() called at ColorScheme Autocommands for "*":0
130.922  000.001  000.001: sourcing nvim_exec2() called at ColorScheme Autocommands for "*":0
130.944  000.001  000.001: sourcing nvim_exec2() called at ColorScheme Autocommands for "*":0
130.948  000.001  000.001: sourcing nvim_exec2() called at ColorScheme Autocommands for "*":0
130.951  000.001  000.001: sourcing nvim_exec2() called at ColorScheme Autocommands for "*":0
130.956  000.001  000.001: sourcing nvim_exec2() called at ColorScheme Autocommands for "*":0
130.959  000.001  000.001: sourcing nvim_exec2() called at ColorScheme Autocommands for "*":0
130.964  000.001  000.001: sourcing nvim_exec2() called at ColorScheme Autocommands for "*":0
130.971  000.001  000.001: sourcing nvim_exec2() called at ColorScheme Autocommands for "*":0
131.048  000.008  000.008: sourcing nvim_exec2() called at ColorScheme Autocommands for "*":0
131.057  000.002  000.002: sourcing nvim_exec2() called at ColorScheme Autocommands for "*":0
131.067  000.008  000.008: sourcing nvim_exec2() called at ColorScheme Autocommands for "*":0
131.075  000.004  000.004: sourcing nvim_exec2() called at ColorScheme Autocommands for "*":0
131.087  000.009  000.009: sourcing nvim_exec2() called at ColorScheme Autocommands for "*":0
131.095  004.932  003.285: sourcing nvim_exec2() called at /home/ususstudios/.config/nvim/init.lua:0
131.099  127.681  000.035: sourcing /home/ususstudios/.config/nvim/init.lua
131.108  000.554: sourcing vimrc file(s)
131.407  000.033  000.033: sourcing /opt/nvim-linux-x86_64/share/nvim/runtime/filetype.lua
131.725  000.042  000.042: sourcing /opt/nvim-linux-x86_64/share/nvim/runtime/syntax/synload.vim
131.774  000.276  000.234: sourcing /opt/nvim-linux-x86_64/share/nvim/runtime/syntax/syntax.vim
131.786  000.369: inits 3
133.715  001.928: reading ShaDa
134.669  000.604  000.604: require('vim.filetype.detect')
135.049  000.045  000.045: require('bufferline.state')
135.365  000.077  000.077: require('luasnip.loaders.from_lua')
135.446  000.076  000.076: require('luasnip.loaders.from_snipmate')
135.467  000.951: reading stdin
135.472  000.005: opening buffers
135.526  000.055: BufEnter autocommands
135.528  000.002: editing files in windows
135.700  000.018  000.018: sourcing /home/ususstudios/.local/share/nvim/lazy/todo-comments.nvim/plugin/todo.vim
135.703  000.047  000.030: sourcing nvim_exec2() called at VimEnter Autocommands for "*":0
135.708  000.001  000.001: sourcing nvim_exec2() called at VimEnter Autocommands for "*":0
135.714  000.001  000.001: sourcing nvim_exec2() called at VimEnter Autocommands for "*":0
136.276  000.035  000.035: require('todo-comments.util')
136.284  000.095  000.060: require('todo-comments.config')
136.370  000.058  000.058: require('todo-comments.highlight')
136.372  000.087  000.029: require('todo-comments.jump')
136.375  000.594  000.412: require('todo-comments')
136.448  000.017  000.017: sourcing nvim_exec2() called at VimEnter Autocommands for "*":0
136.451  000.002  000.002: sourcing nvim_exec2() called at VimEnter Autocommands for "*":0
136.454  000.002  000.002: sourcing nvim_exec2() called at VimEnter Autocommands for "*":0
136.461  000.001  000.001: sourcing nvim_exec2() called at VimEnter Autocommands for "*":0
136.464  000.001  000.001: sourcing nvim_exec2() called at VimEnter Autocommands for "*":0
136.466  000.001  000.001: sourcing nvim_exec2() called at VimEnter Autocommands for "*":0
136.472  000.001  000.001: sourcing nvim_exec2() called at VimEnter Autocommands for "*":0
136.475  000.001  000.001: sourcing nvim_exec2() called at VimEnter Autocommands for "*":0
136.477  000.001  000.001: sourcing nvim_exec2() called at VimEnter Autocommands for "*":0
136.510  000.002  000.002: sourcing nvim_exec2() called at VimEnter Autocommands for "*":0
136.513  000.001  000.001: sourcing nvim_exec2() called at VimEnter Autocommands for "*":0
136.516  000.001  000.001: sourcing nvim_exec2() called at VimEnter Autocommands for "*":0
136.521  000.001  000.001: sourcing nvim_exec2() called at VimEnter Autocommands for "*":0
136.524  000.001  000.001: sourcing nvim_exec2() called at VimEnter Autocommands for "*":0
136.542  000.002  000.002: sourcing nvim_exec2() called at VimEnter Autocommands for "*":0
136.550  000.001  000.001: sourcing nvim_exec2() called at VimEnter Autocommands for "*":0
136.553  000.001  000.001: sourcing nvim_exec2() called at VimEnter Autocommands for "*":0
136.555  000.001  000.001: sourcing nvim_exec2() called at VimEnter Autocommands for "*":0
136.561  000.001  000.001: sourcing nvim_exec2() called at VimEnter Autocommands for "*":0
136.563  000.001  000.001: sourcing nvim_exec2() called at VimEnter Autocommands for "*":0
136.565  000.001  000.001: sourcing nvim_exec2() called at VimEnter Autocommands for "*":0
136.692  000.082  000.082: require('vim.treesitter.highlighter')
140.961  004.666: VimEnter autocommands
141.505  000.374  000.374: sourcing /opt/nvim-linux-x86_64/share/nvim/runtime/autoload/provider/clipboard.vim
141.511  000.176: before starting main loop
141.875  000.042  000.042: require('bufferline.pick')
141.922  000.045  000.045: require('bufferline.duplicates')
141.981  000.005  000.005: sourcing nvim_exec2()
141.984  000.061  000.056: require('bufferline.diagnostics')
142.042  000.056  000.056: require('bufferline.models')
142.044  000.260  000.056: require('bufferline.buffers')
142.123  000.048  000.048: require('bufferline.sorters')
142.182  000.053  000.053: require('bufferline.tabpages')
142.242  000.042  000.042: require('bufferline.offset')
142.278  000.033  000.033: require('bufferline.custom_area')
142.438  000.491: first screen update
142.440  000.001: --- NVIM STARTED ---

